// Jest Snapshot v1, https://goo.gl/fbAQLP

exports[`<FullScreenLoader /> renders snapshots 1`] = `
<WithStyles(ForwardRef(Backdrop))
  open={true}
>
  <WithStyles(ForwardRef(CircularProgress))
    color="primary"
  />
</WithStyles(ForwardRef(Backdrop))>
`;
